// Jest Snapshot v1, https://goo.gl/fbAQLP

exports[`ApplicationMessages tests test renders as per snapshot 1`] = `
<div
  className="pageLoading"
>
  <p>
    Loading...
  </p>
  <div
    className="css-1ujetdd"
  >
    <div
      className="css-137o4g7"
    />
    <div
      className="css-1jixpcn"
    />
    <div
      className="css-105wkyy"
    />
    <div
      className="css-1hljb6y"
    />
    <div
      className="css-gb69iu"
    />
    <div
      className="css-1t94dra"
    />
    <div
      className="css-tk7sl6"
    />
    <div
      className="css-ixmspk"
    />
  </div>
</div>
`;
