// Jest Snapshot v1, https://goo.gl/fbAQLP

exports[`Footer tests test renders as per snapshot 1`] = `
<footer
  className="footer"
/>
`;
